Import from the module:
>>> BaseGeometry =  __import__("7-base_geometry").BaseGeometry
>>> 
Test cases:
>>> BaseGeometry().integer_validator("age", None)
Traceback (most recent call last):
...
TypeError: age must be an integer

>>> BaseGeometry().integer_validator("age", {3, 4})
Traceback (most recent call last):
...
TypeError: age must be an integer

>>> BaseGeometry().integer_validator("age", True)

>>> BaseGeometry().integer_validator("age", [3])
Traceback (most recent call last):
...
TypeError: age must be an integer

>>> BaseGeometry().integer_validator("age", (4,))
Traceback (most recent call last):
...
TypeError: age must be an integer

>>> BaseGeometry().integer_validator("age", "4")
Traceback (most recent call last):
...
TypeError: age must be an integer

>>> BaseGeometry().integer_validator("age", -4)
Traceback (most recent call last):
...
ValueError: age must be greater than 0

>>> BaseGeometry().integer_validator("age", 0)
Traceback (most recent call last):
...
ValueError: age must be greater than 0

>>> BaseGeometry().integer_validator("age", 1)
>>> BaseGeometry().integer_validator("age", 13.5)
Traceback (most recent call last):
...
TypeError: age must be an integer