Import the module:
>>> matrix = __import__('2-matrix_divided').matrix_divided
>>>

Test Cases:
>>> matrix([[1,2], [3, 4]], 2)
[[0.5, 1.0], [1.5, 2.0]]

>>> matrix([[1, 2], [3, '4']], 2)
Traceback (most recent call last):
    ...
TypeError: matrix must be a matrix (list of lists) of integers/floats

>>> matrix([[1, 2], [3, 4]], 0)
Traceback (most recent call last):
    ...
ZeroDivisionError: division by zero

>>> matrix("Not a matrix", 2)
Traceback (most recent call last):
    ...
TypeError: matrix must be a matrix (list of lists) of integers/floats

>>> matrix([[1, 2], [3]], 2)
Traceback (most recent call last):
    ...
TypeError: Each row of the matrix must have the same size

>>> matrix([[1, 2], [3, float('inf')]], float('inf'))
[[0.0, 0.0], [0.0, nan]]

>>> matrix([[1, 2], [3, float('inf')]], 2)
[[0.5, 1.0], [1.5, inf]]

>>> matrix([[1, 2], [3, float('')]], 2)
Traceback (most recent call last):
    ...
ValueError: could not convert string to float: ''

>>> matrix([[1, 2], [3, 4]])
Traceback (most recent call last):
    ...
TypeError: matrix_divided() missing 1 required positional argument: 'div'

>>> matrix()
Traceback (most recent call last):
    ...
TypeError: matrix_divided() missing 2 required positional arguments: 'matrix' and 'div'

>>> matrix([[1, 2], [3, 4]], 'a')
Traceback (most recent call last):
    ...
TypeError: div must be a number